npm WARN exec The following package was not found and will be installed: serve@14.2.6
 INFO  Accepting connections at http://localhost:3000
 HTTP  5/19/2026 12:39:56 AM ::1 GET /
 HTTP  5/19/2026 12:39:56 AM ::1 Returned 200 in 221 ms
 HTTP  5/19/2026 12:40:04 AM ::1 GET /
 HTTP  5/19/2026 12:40:04 AM ::1 Returned 200 in 2 ms
 HTTP  5/19/2026 12:40:04 AM ::1 GET /
 HTTP  5/19/2026 12:40:04 AM ::1 Returned 200 in 1 ms
 HTTP  5/19/2026 12:48:14 AM ::1 GET /
 HTTP  5/19/2026 12:48:14 AM ::1 Returned 200 in 22 ms
 HTTP  5/19/2026 12:48:59 AM ::1 GET /
 HTTP  5/19/2026 12:48:59 AM ::1 Returned 200 in 1 ms
 HTTP  5/19/2026 12:50:35 AM ::1 GET /
 HTTP  5/19/2026 12:50:35 AM ::1 Returned 200 in 14 ms
 HTTP  5/19/2026 12:50:36 AM ::1 GET /favicon.ico
 HTTP  5/19/2026 12:50:36 AM ::1 Returned 404 in 2 ms
 HTTP  5/19/2026 12:59:03 AM ::1 GET /
 HTTP  5/19/2026 12:59:03 AM ::1 Returned 200 in 3 ms
 HTTP  5/19/2026 12:59:03 AM ::1 GET /
 HTTP  5/19/2026 12:59:03 AM ::1 Returned 200 in 1 ms
 HTTP  5/19/2026 12:59:26 AM ::1 GET /
 HTTP  5/19/2026 12:59:26 AM ::1 Returned 200 in 2 ms
 HTTP  5/19/2026 1:00:55 AM ::1 GET /
 HTTP  5/19/2026 1:00:55 AM ::1 Returned 200 in 10 ms
 HTTP  5/19/2026 1:00:55 AM ::1 GET /favicon.ico
 HTTP  5/19/2026 1:00:55 AM ::1 Returned 404 in 1 ms
 HTTP  5/19/2026 1:20:25 AM ::1 GET /
 HTTP  5/19/2026 1:20:25 AM ::1 Returned 200 in 2 ms
 HTTP  5/19/2026 1:22:15 AM ::1 GET /
 HTTP  5/19/2026 1:22:15 AM ::1 Returned 200 in 1 ms
 HTTP  5/19/2026 1:24:00 AM ::1 GET /
 HTTP  5/19/2026 1:24:00 AM ::1 Returned 200 in 7 ms
 HTTP  5/19/2026 1:24:00 AM ::1 GET /favicon.ico
 HTTP  5/19/2026 1:24:00 AM ::1 Returned 404 in 2 ms
